▲ Next.js 16.3.5 (Turbopack)
- Environments: .env
✓ Running next.config.ts took 85ms

  Creating an optimized production build ...
✓ Compiled successfully in 21.1s
  Running TypeScript ...
  Finished TypeScript in 27.8s ...
  Collecting page data using 21 workers ...
  Generating static pages using 21 workers (0/67) ...
  Generating static pages using 21 workers (16/67) 
  Generating static pages using 21 workers (33/67) 
  Generating static pages using 21 workers (50/67) 
✓ Generating static pages using 21 workers (67/67) in 1660ms
  Finalizing page optimization ...

Route (app)
┌ ○ /
├ ○ /_not-found
├ ƒ /api/admin/audit
├ ƒ /api/admin/permissions
├ ƒ /api/admin/section-access
├ ƒ /api/admin/users
├ ƒ /api/admin/users/[id]
├ ƒ /api/admin/users/[id]/permissions
├ ƒ /api/admin/users/export
├ ƒ /api/announcements
├ ƒ /api/announcements/[id]/read
├ ƒ /api/assignments
├ ƒ /api/assignments/[id]
├ ƒ /api/assignments/[id]/submissions
├ ƒ /api/attendance
├ ƒ /api/auth/forgot-password
├ ƒ /api/auth/login
├ ƒ /api/auth/logout
├ ƒ /api/auth/reset-password
├ ƒ /api/classes
├ ƒ /api/classes/[id]
├ ƒ /api/courses
├ ƒ /api/courses/[id]
├ ƒ /api/debug/perm
├ ƒ /api/enrollments
├ ƒ /api/enrollments/[id]
├ ƒ /api/exams
├ ƒ /api/exams/[id]
├ ƒ /api/exams/[id]/results
├ ƒ /api/fees/records
├ ƒ /api/fees/records/[id]
├ ƒ /api/fees/structures
├ ƒ /api/fees/structures/[id]
├ ƒ /api/hostel/allocations
├ ƒ /api/hostel/allocations/[id]
├ ƒ /api/hostel/rooms
├ ƒ /api/hostel/rooms/[id]
├ ƒ /api/library/issues
├ ƒ /api/library/issues/[id]
├ ƒ /api/library/items
├ ƒ /api/library/items/[id]
├ ƒ /api/placements/drives/[id]/jd
├ ƒ /api/results/summary
├ ƒ /api/student/clearance
├ ƒ /api/submissions/[id]
├ ƒ /api/telemetry/crash
├ ƒ /api/timetable
├ ƒ /api/timetable/[id]
├ ƒ /dashboard
├ ƒ /dashboard/[role]
├ ƒ /dashboard/admin
├ ƒ /dashboard/admin/academics
├ ƒ /dashboard/admin/admissions
├ ƒ /dashboard/admin/audit
├ ƒ /dashboard/admin/clearance
├ ƒ /dashboard/admin/departments
├ ƒ /dashboard/admin/users
├ ƒ /dashboard/finance
├ ƒ /dashboard/hod
├ ƒ /dashboard/hr
├ ƒ /dashboard/leave
├ ƒ /dashboard/librarian
├ ƒ /dashboard/parent
├ ƒ /dashboard/placement
├ ƒ /dashboard/registrar
├ ƒ /dashboard/student/announcements
├ ƒ /dashboard/student/assignments
├ ƒ /dashboard/student/attendance
├ ƒ /dashboard/student/calendar
├ ƒ /dashboard/student/clearance
├ ƒ /dashboard/student/courses
├ ƒ /dashboard/student/fees
├ ƒ /dashboard/student/hostel
├ ƒ /dashboard/student/library
├ ƒ /dashboard/student/placements
├ ƒ /dashboard/student/results
├ ƒ /dashboard/student/timetable
├ ƒ /dashboard/teacher/announcements
├ ƒ /dashboard/teacher/assignments
├ ƒ /dashboard/teacher/attendance
├ ƒ /dashboard/teacher/courses
├ ƒ /dashboard/teacher/exams
├ ƒ /dashboard/teacher/timetable
├ ƒ /dashboard/warden
├ ○ /forgot-password
└ ○ /login


ƒ Proxy (Middleware)

○  (Static)   prerendered as static content
ƒ  (Dynamic)  server-rendered on demand

BUILD_EXIT=0
